2026-01-29 15:10:11 - Request received
Method: POST
POST: Array
(
    [action] => get_approved_requests
)

RAW BODY: action=get_approved_requests
2026-01-29 15:10:12 - Request received
Method: POST
POST: Array
(
    [action] => get_approved_requests
)

RAW BODY: action=get_approved_requests
2026-01-29 15:10:13 - Request received
Method: POST
POST: Array
(
    [action] => get_approved_requests
)

RAW BODY: action=get_approved_requests
2026-01-29 15:10:13 - Request received
Method: POST
POST: Array
(
    [action] => get_approved_requests
)

RAW BODY: action=get_approved_requests
2026-01-29 15:10:14 - Request received
Method: POST
POST: Array
(
    [action] => get_approved_requests
)

RAW BODY: action=get_approved_requests
2026-01-29 15:10:15 - Request received
Method: POST
POST: Array
(
    [action] => get_approved_requests
)

RAW BODY: action=get_approved_requests
2026-01-29 15:10:16 - Request received
Method: POST
POST: Array
(
    [action] => get_approved_requests
)

RAW BODY: action=get_approved_requests
2026-01-29 15:10:16 - Request received
Method: POST
POST: Array
(
    [action] => get_approved_requests
)

RAW BODY: action=get_approved_requests
2026-01-29 15:10:16 - Request received
Method: POST
POST: Array
(
    [action] => get_approved_requests
)

RAW BODY: action=get_approved_requests
2026-01-29 15:10:29 - Request received
Method: POST
POST: Array
(
    [action] => get_approved_requests
)

RAW BODY: action=get_approved_requests
2026-01-29 15:11:10 - Request received
Method: POST
POST: Array
(
    [action] => get_approved_requests
)

RAW BODY: action=get_approved_requests
2026-01-29 15:11:13 - Request received
Method: POST
POST: Array
(
    [action] => get_approved_requests
)

RAW BODY: action=get_approved_requests
2026-01-29 15:12:44 - Request received
Method: POST
POST: Array
(
    [action] => get_approved_requests
)

RAW BODY: action=get_approved_requests
2026-01-29 15:12:46 - Request received
Method: GET
POST: Array
(
)

RAW BODY: 
